{
  "VC.output_vcf": "...call-Reblock/execution/ERR3684866_ILMN_wggss_dragen_max_qual_01.hard-filtered.rb.g.vcf.gz",
  "VC.vcf_summary_metrics": "...call-CollectVCMetrics/execution/ERR3684866_ILMN_wggss_dragen_max_qual_01.variant_calling_summary_metrics",
  "VC.bamout_index": null,
  "VC.bamout": null,
  "VC.vcf_detail_metrics": "...call-CollectVCMetrics/execution/ERR3684866_ILMN_wggss_dragen_max_qual_01.variant_calling_detail_metrics",
  "VC.output_vcf_index": "...call-Reblock/execution/ERR3684866_ILMN_wggss_dragen_max_qual_01.hard-filtered.rb.g.vcf.gz.tbi"
}
{
  "WGGSS.unsorted_read_group_quality_by_cycle_metrics": ["..call-CollectUnsortedReadgroupBamQualityMetrics/shard-0/execution/ERR3684866_ILMN.readgroup.quality_by_cycle_metrics"],
  "WGGSS.agg_alignment_summary_metrics": "..call-AggregatedBamQC/AggregatedBamQC/beea54b7-390e-4ea0-9518-717cbfc46992/call-CollectAggregationMetrics/execution/ERR3684866_ILMN.alignment_summary_metrics",
  "WGGSS.agg_error_summary_metrics": "..call-AggregatedBamQC/AggregatedBamQC/beea54b7-390e-4ea0-9518-717cbfc46992/call-CollectAggregationMetrics/execution/ERR3684866_ILMN.error_summary_metrics",
  "WGGSS.unsorted_read_group_quality_distribution_metrics": ["..call-CollectUnsortedReadgroupBamQualityMetrics/shard-0/execution/ERR3684866_ILMN.readgroup.quality_distribution_metrics"],
  "WGGSS.output_bam_index": null,
  "WGGSS.agg_gc_bias_detail_metrics": "..call-AggregatedBamQC/AggregatedBamQC/beea54b7-390e-4ea0-9518-717cbfc46992/call-CollectAggregationMetrics/execution/ERR3684866_ILMN.gc_bias.detail_metrics",
  "WGGSS.agg_gc_bias_pdf": "..call-AggregatedBamQC/AggregatedBamQC/beea54b7-390e-4ea0-9518-717cbfc46992/call-CollectAggregationMetrics/execution/ERR3684866_ILMN.gc_bias.pdf",
  "WGGSS.output_vcf_index": "...call-Reblock/execution/ERR3684866_ILMN_wggss_dragen_max_qual_01.hard-filtered.rb.g.vcf.gz.tbi",
  "WGGSS.agg_gc_bias_summary_metrics": "..call-AggregatedBamQC/AggregatedBamQC/beea54b7-390e-4ea0-9518-717cbfc46992/call-CollectAggregationMetrics/execution/ERR3684866_ILMN.gc_bias.summary_metrics",
  "WGGSS.unsorted_read_group_quality_distribution_pdf": ["..call-CollectUnsortedReadgroupBamQualityMetrics/shard-0/execution/ERR3684866_ILMN.readgroup.quality_distribution.pdf"],
  "WGGSS.agg_pre_adapter_detail_metrics": "..call-AggregatedBamQC/AggregatedBamQC/beea54b7-390e-4ea0-9518-717cbfc46992/call-CollectAggregationMetrics/execution/ERR3684866_ILMN.pre_adapter_detail_metrics",
  "WGGSS.agg_insert_size_metrics": "..call-AggregatedBamQC/AggregatedBamQC/beea54b7-390e-4ea0-9518-717cbfc46992/call-CollectAggregationMetrics/execution/ERR3684866_ILMN.insert_size_metrics",
  "WGGSS.read_group_alignment_summary_metrics": "..call-AggregatedBamQC/AggregatedBamQC/beea54b7-390e-4ea0-9518-717cbfc46992/call-CollectReadgroupBamQualityMetrics/execution/ERR3684866_ILMN.readgroup.alignment_summary_metrics",
  "WGGSS.unsorted_read_group_insert_size_metrics": ["..call-CollectUnsortedReadgroupBamQualityMetrics/shard-0/execution/ERR3684866_ILMN.readgroup.insert_size_metrics"],
  "WGGSS.output_cram_md5": "..call-BamToCram/BamToCram/1d471305-e958-40d6-bfd3-b4bb96c09469/call-ConvertToCram/execution/ERR3684866_ILMN.cram.md5",
  "WGGSS.cross_check_fingerprints_metrics": "..call-CrossCheckFingerprints/execution/ERR3684866_ILMN.crosscheck",
  "WGGSS.duplicate_metrics": "..call-MarkDuplicates/execution/ERR3684866_ILMN.duplicate_metrics",
  "WGGSS.unsorted_read_group_base_distribution_by_cycle_metrics": ["..call-CollectUnsortedReadgroupBamQualityMetrics/shard-0/execution/ERR3684866_ILMN.readgroup.base_distribution_by_cycle_metrics"],
  "WGGSS.contamination": 0.000019022666666666667,
  "WGGSS.read_group_gc_bias_pdf": "..call-AggregatedBamQC/AggregatedBamQC/beea54b7-390e-4ea0-9518-717cbfc46992/call-CollectReadgroupBamQualityMetrics/execution/ERR3684866_ILMN.readgroup.gc_bias.pdf",
  "WGGSS.gvcf_summary_metrics": "...call-CollectVCMetrics/execution/ERR3684866_ILMN_wggss_dragen_max_qual_01.variant_calling_summary_metrics",
  "WGGSS.raw_wgs_metrics": "..call-CollectRawWgsMetrics/execution/ERR3684866_ILMN.raw_wgs_metrics",
  "WGGSS.output_bam": null,
  "WGGSS.agg_quality_distribution_pdf": "..call-AggregatedBamQC/AggregatedBamQC/beea54b7-390e-4ea0-9518-717cbfc46992/call-CollectAggregationMetrics/execution/ERR3684866_ILMN.quality_distribution.pdf",
  "WGGSS.output_cram": "..call-BamToCram/BamToCram/1d471305-e958-40d6-bfd3-b4bb96c09469/call-ConvertToCram/execution/ERR3684866_ILMN.cram",
  "WGGSS.fingerprint_summary_metrics": null,
  "WGGSS.agg_pre_adapter_summary_metrics": "..call-AggregatedBamQC/AggregatedBamQC/beea54b7-390e-4ea0-9518-717cbfc46992/call-CollectAggregationMetrics/execution/ERR3684866_ILMN.pre_adapter_summary_metrics",
  "WGGSS.output_vcf": "...call-Reblock/execution/ERR3684866_ILMN_wggss_dragen_max_qual_01.hard-filtered.rb.g.vcf.gz",
  "WGGSS.unsorted_read_group_base_distribution_by_cycle_pdf": ["..call-CollectUnsortedReadgroupBamQualityMetrics/shard-0/execution/ERR3684866_ILMN.readgroup.base_distribution_by_cycle.pdf"],
  "WGGSS.output_cram_index": "..call-BamToCram/BamToCram/1d471305-e958-40d6-bfd3-b4bb96c09469/call-ConvertToCram/execution/ERR3684866_ILMN.cram.crai",
  "WGGSS.gvcf_detail_metrics": "...call-CollectVCMetrics/execution/ERR3684866_ILMN_wggss_dragen_max_qual_01.variant_calling_detail_metrics",
  "WGGSS.calculate_read_group_checksum_md5": "..call-AggregatedBamQC/AggregatedBamQC/beea54b7-390e-4ea0-9518-717cbfc46992/call-CalculateReadGroupChecksum/execution/ERR3684866_ILMN.aligned.duplicates_marked.recalibrated.bam.read_group_md5",
  "WGGSS.read_group_gc_bias_detail_metrics": "..call-AggregatedBamQC/AggregatedBamQC/beea54b7-390e-4ea0-9518-717cbfc46992/call-CollectReadgroupBamQualityMetrics/execution/ERR3684866_ILMN.readgroup.gc_bias.detail_metrics",
  "WGGSS.selfSM": "..call-CheckContamination/execution/ERR3684866_ILMN.preBqsr.selfSM",
  "WGGSS.validate_cram_file_report": "..call-BamToCram/BamToCram/1d471305-e958-40d6-bfd3-b4bb96c09469/call-ValidateCram/execution/ERR3684866_ILMN.cram.validation_report",
  "WGGSS.unsorted_read_group_insert_size_histogram_pdf": ["..call-CollectUnsortedReadgroupBamQualityMetrics/shard-0/execution/ERR3684866_ILMN.readgroup.insert_size_histogram.pdf"],
  "WGGSS.wgs_metrics": "..call-CollectWgsMetrics/execution/ERR3684866_ILMN.wgs_metrics",
  "WGGSS.agg_quality_distribution_metrics": "..call-AggregatedBamQC/AggregatedBamQC/beea54b7-390e-4ea0-9518-717cbfc46992/call-CollectAggregationMetrics/execution/ERR3684866_ILMN.quality_distribution_metrics",
  "WGGSS.agg_bait_bias_summary_metrics": "..call-AggregatedBamQC/AggregatedBamQC/beea54b7-390e-4ea0-9518-717cbfc46992/call-CollectAggregationMetrics/execution/ERR3684866_ILMN.bait_bias_summary_metrics",
  "WGGSS.read_group_gc_bias_summary_metrics": "..call-AggregatedBamQC/AggregatedBamQC/beea54b7-390e-4ea0-9518-717cbfc46992/call-CollectReadgroupBamQualityMetrics/execution/ERR3684866_ILMN.readgroup.gc_bias.summary_metrics",
  "WGGSS.agg_insert_size_histogram_pdf": "..call-AggregatedBamQC/AggregatedBamQC/beea54b7-390e-4ea0-9518-717cbfc46992/call-CollectAggregationMetrics/execution/ERR3684866_ILMN.insert_size_histogram.pdf",
  "WGGSS.agg_bait_bias_detail_metrics": "..call-AggregatedBamQC/AggregatedBamQC/beea54b7-390e-4ea0-9518-717cbfc46992/call-CollectAggregationMetrics/execution/ERR3684866_ILMN.bait_bias_detail_metrics",
  "WGGSS.fingerprint_detail_metrics": null,
  "WGGSS.unsorted_read_group_quality_by_cycle_pdf": ["..call-CollectUnsortedReadgroupBamQualityMetrics/shard-0/execution/ERR3684866_ILMN.readgroup.quality_by_cycle.pdf"],
  "WGGSS.output_bqsr_reports": null,
  "WGGSS.quality_yield_metrics": ["..call-CollectQualityYieldMetrics/shard-0/execution/ERR3684866_ILMN.unmapped.quality_yield_metrics"]
}
{
  "outputs": {
    "WGGSS.unsorted_read_group_quality_by_cycle_metrics": ["..call-CollectUnsortedReadgroupBamQualityMetrics/shard-0/execution/ERR3684866_ILMN.readgroup.quality_by_cycle_metrics"],
    "WGGSS.agg_alignment_summary_metrics": "..call-AggregatedBamQC/AggregatedBamQC/beea54b7-390e-4ea0-9518-717cbfc46992/call-CollectAggregationMetrics/execution/ERR3684866_ILMN.alignment_summary_metrics",
    "WGGSS.agg_error_summary_metrics": "..call-AggregatedBamQC/AggregatedBamQC/beea54b7-390e-4ea0-9518-717cbfc46992/call-CollectAggregationMetrics/execution/ERR3684866_ILMN.error_summary_metrics",
    "WGGSS.unsorted_read_group_quality_distribution_metrics": ["..call-CollectUnsortedReadgroupBamQualityMetrics/shard-0/execution/ERR3684866_ILMN.readgroup.quality_distribution_metrics"],
    "WGGSS.output_bam_index": null,
    "WGGSS.agg_gc_bias_detail_metrics": "..call-AggregatedBamQC/AggregatedBamQC/beea54b7-390e-4ea0-9518-717cbfc46992/call-CollectAggregationMetrics/execution/ERR3684866_ILMN.gc_bias.detail_metrics",
    "WGGSS.agg_gc_bias_pdf": "..call-AggregatedBamQC/AggregatedBamQC/beea54b7-390e-4ea0-9518-717cbfc46992/call-CollectAggregationMetrics/execution/ERR3684866_ILMN.gc_bias.pdf",
    "WGGSS.output_vcf_index": "...call-Reblock/execution/ERR3684866_ILMN_wggss_dragen_max_qual_01.hard-filtered.rb.g.vcf.gz.tbi",
    "WGGSS.agg_gc_bias_summary_metrics": "..call-AggregatedBamQC/AggregatedBamQC/beea54b7-390e-4ea0-9518-717cbfc46992/call-CollectAggregationMetrics/execution/ERR3684866_ILMN.gc_bias.summary_metrics",
    "WGGSS.unsorted_read_group_quality_distribution_pdf": ["..call-CollectUnsortedReadgroupBamQualityMetrics/shard-0/execution/ERR3684866_ILMN.readgroup.quality_distribution.pdf"],
    "WGGSS.agg_pre_adapter_detail_metrics": "..call-AggregatedBamQC/AggregatedBamQC/beea54b7-390e-4ea0-9518-717cbfc46992/call-CollectAggregationMetrics/execution/ERR3684866_ILMN.pre_adapter_detail_metrics",
    "WGGSS.agg_insert_size_metrics": "..call-AggregatedBamQC/AggregatedBamQC/beea54b7-390e-4ea0-9518-717cbfc46992/call-CollectAggregationMetrics/execution/ERR3684866_ILMN.insert_size_metrics",
    "WGGSS.read_group_alignment_summary_metrics": "..call-AggregatedBamQC/AggregatedBamQC/beea54b7-390e-4ea0-9518-717cbfc46992/call-CollectReadgroupBamQualityMetrics/execution/ERR3684866_ILMN.readgroup.alignment_summary_metrics",
    "WGGSS.unsorted_read_group_insert_size_metrics": ["..call-CollectUnsortedReadgroupBamQualityMetrics/shard-0/execution/ERR3684866_ILMN.readgroup.insert_size_metrics"],
    "WGGSS.output_cram_md5": "..call-BamToCram/BamToCram/1d471305-e958-40d6-bfd3-b4bb96c09469/call-ConvertToCram/execution/ERR3684866_ILMN.cram.md5",
    "WGGSS.cross_check_fingerprints_metrics": "..call-CrossCheckFingerprints/execution/ERR3684866_ILMN.crosscheck",
    "WGGSS.duplicate_metrics": "..call-MarkDuplicates/execution/ERR3684866_ILMN.duplicate_metrics",
    "WGGSS.unsorted_read_group_base_distribution_by_cycle_metrics": ["..call-CollectUnsortedReadgroupBamQualityMetrics/shard-0/execution/ERR3684866_ILMN.readgroup.base_distribution_by_cycle_metrics"],
    "WGGSS.contamination": 0.000019022666666666667,
    "WGGSS.read_group_gc_bias_pdf": "..call-AggregatedBamQC/AggregatedBamQC/beea54b7-390e-4ea0-9518-717cbfc46992/call-CollectReadgroupBamQualityMetrics/execution/ERR3684866_ILMN.readgroup.gc_bias.pdf",
    "WGGSS.gvcf_summary_metrics": "...call-CollectVCMetrics/execution/ERR3684866_ILMN_wggss_dragen_max_qual_01.variant_calling_summary_metrics",
    "WGGSS.raw_wgs_metrics": "..call-CollectRawWgsMetrics/execution/ERR3684866_ILMN.raw_wgs_metrics",
    "WGGSS.output_bam": null,
    "WGGSS.agg_quality_distribution_pdf": "..call-AggregatedBamQC/AggregatedBamQC/beea54b7-390e-4ea0-9518-717cbfc46992/call-CollectAggregationMetrics/execution/ERR3684866_ILMN.quality_distribution.pdf",
    "WGGSS.output_cram": "..call-BamToCram/BamToCram/1d471305-e958-40d6-bfd3-b4bb96c09469/call-ConvertToCram/execution/ERR3684866_ILMN.cram",
    "WGGSS.fingerprint_summary_metrics": null,
    "WGGSS.agg_pre_adapter_summary_metrics": "..call-AggregatedBamQC/AggregatedBamQC/beea54b7-390e-4ea0-9518-717cbfc46992/call-CollectAggregationMetrics/execution/ERR3684866_ILMN.pre_adapter_summary_metrics",
    "WGGSS.output_vcf": "...call-Reblock/execution/ERR3684866_ILMN_wggss_dragen_max_qual_01.hard-filtered.rb.g.vcf.gz",
    "WGGSS.unsorted_read_group_base_distribution_by_cycle_pdf": ["..call-CollectUnsortedReadgroupBamQualityMetrics/shard-0/execution/ERR3684866_ILMN.readgroup.base_distribution_by_cycle.pdf"],
    "WGGSS.output_cram_index": "..call-BamToCram/BamToCram/1d471305-e958-40d6-bfd3-b4bb96c09469/call-ConvertToCram/execution/ERR3684866_ILMN.cram.crai",
    "WGGSS.gvcf_detail_metrics": "...call-CollectVCMetrics/execution/ERR3684866_ILMN_wggss_dragen_max_qual_01.variant_calling_detail_metrics",
    "WGGSS.calculate_read_group_checksum_md5": "..call-AggregatedBamQC/AggregatedBamQC/beea54b7-390e-4ea0-9518-717cbfc46992/call-CalculateReadGroupChecksum/execution/ERR3684866_ILMN.aligned.duplicates_marked.recalibrated.bam.read_group_md5",
    "WGGSS.read_group_gc_bias_detail_metrics": "..call-AggregatedBamQC/AggregatedBamQC/beea54b7-390e-4ea0-9518-717cbfc46992/call-CollectReadgroupBamQualityMetrics/execution/ERR3684866_ILMN.readgroup.gc_bias.detail_metrics",
    "WGGSS.selfSM": "..call-CheckContamination/execution/ERR3684866_ILMN.preBqsr.selfSM",
    "WGGSS.validate_cram_file_report": "..call-BamToCram/BamToCram/1d471305-e958-40d6-bfd3-b4bb96c09469/call-ValidateCram/execution/ERR3684866_ILMN.cram.validation_report",
    "WGGSS.unsorted_read_group_insert_size_histogram_pdf": ["..call-CollectUnsortedReadgroupBamQualityMetrics/shard-0/execution/ERR3684866_ILMN.readgroup.insert_size_histogram.pdf"],
    "WGGSS.wgs_metrics": "..call-CollectWgsMetrics/execution/ERR3684866_ILMN.wgs_metrics",
    "WGGSS.agg_quality_distribution_metrics": "..call-AggregatedBamQC/AggregatedBamQC/beea54b7-390e-4ea0-9518-717cbfc46992/call-CollectAggregationMetrics/execution/ERR3684866_ILMN.quality_distribution_metrics",
    "WGGSS.agg_bait_bias_summary_metrics": "..call-AggregatedBamQC/AggregatedBamQC/beea54b7-390e-4ea0-9518-717cbfc46992/call-CollectAggregationMetrics/execution/ERR3684866_ILMN.bait_bias_summary_metrics",
    "WGGSS.read_group_gc_bias_summary_metrics": "..call-AggregatedBamQC/AggregatedBamQC/beea54b7-390e-4ea0-9518-717cbfc46992/call-CollectReadgroupBamQualityMetrics/execution/ERR3684866_ILMN.readgroup.gc_bias.summary_metrics",
    "WGGSS.agg_insert_size_histogram_pdf": "..call-AggregatedBamQC/AggregatedBamQC/beea54b7-390e-4ea0-9518-717cbfc46992/call-CollectAggregationMetrics/execution/ERR3684866_ILMN.insert_size_histogram.pdf",
    "WGGSS.agg_bait_bias_detail_metrics": "..call-AggregatedBamQC/AggregatedBamQC/beea54b7-390e-4ea0-9518-717cbfc46992/call-CollectAggregationMetrics/execution/ERR3684866_ILMN.bait_bias_detail_metrics",
    "WGGSS.fingerprint_detail_metrics": null,
   "WGGSS.unsorted_read_group_quality_by_cycle_pdf": ["..call-CollectUnsortedReadgroupBamQualityMetrics/shard-0/execution/ERR3684866_ILMN.readgroup.quality_by_cycle.pdf"],
    "WGGSS.output_bqsr_reports": null,
    "WGGSS.quality_yield_metrics": ["..call-CollectQualityYieldMetrics/shard-0/execution/ERR3684866_ILMN.unmapped.quality_yield_metrics"]
  },
